
=================================== ERRORS ====================================
______________________ ERROR collecting test_output.txt _______________________
C:\Users\Monik\AppData\Local\Programs\Python\Python313\Lib\pathlib\_local.py:546: in read_text
    return PathBase.read_text(self, encoding, errors, newline)
           ^^^^^^^^^^^^^^^^^^^^^^^^^^^^^^^^^^^^^^^^^^^^^^^^^^^
C:\Users\Monik\AppData\Local\Programs\Python\Python313\Lib\pathlib\_abc.py:633: in read_text
    return f.read()
           ^^^^^^^^
<frozen codecs>:325: in decode
    ???
E   UnicodeDecodeError: 'utf-8' codec can't decode byte 0xff in position 0: invalid start byte
============================== warnings summary ===============================
..\.venv\Lib\site-packages\pydantic\_internal\_config.py:291
..\.venv\Lib\site-packages\pydantic\_internal\_config.py:291
..\.venv\Lib\site-packages\pydantic\_internal\_config.py:291
..\.venv\Lib\site-packages\pydantic\_internal\_config.py:291
..\.venv\Lib\site-packages\pydantic\_internal\_config.py:291
..\.venv\Lib\site-packages\pydantic\_internal\_config.py:291
..\.venv\Lib\site-packages\pydantic\_internal\_config.py:291
  F:\SymbioAI\.venv\Lib\site-packages\pydantic\_internal\_config.py:291: PydanticDeprecatedSince20: Support for class-based `config` is deprecated, use ConfigDict instead. Deprecated in Pydantic V2.0 to be removed in V3.0. See Pydantic V2 Migration Guide at https://errors.pydantic.dev/2.9/migration/
    warnings.warn(DEPRECATION_MESSAGE, DeprecationWarning)

-- Docs: https://docs.pytest.org/en/stable/how-to/capture-warnings.html
=========================== short test summary info ===========================
ERROR test_output.txt - UnicodeDecodeError: 'utf-8' codec can't decode byte 0...
!!!!!!!!!!!!!!!!!!! Interrupted: 1 error during collection !!!!!!!!!!!!!!!!!!!!
